Command line invocation:
    /Applications/Xcode.app/Contents/Developer/usr/bin/xcodebuild -project ETPattern.xcodeproj -scheme ETPattern -destination generic/platform=iOS build

Resolve Package Graph


Resolved source packages:
  ETPattern: /Users/macbook1/work/ETPattern @ local

ComputePackagePrebuildTargetDependencyGraph

Prepare packages

CreateBuildRequest

SendProjectDescription

CreateBuildOperation

ComputeTargetDependencyGraph
note: Building targets in dependency order
note: Target dependency graph (7 targets)
    Target 'ETPattern' in project 'ETPattern'
        ➜ Explicit dependency on target 'ETPatternCore' in project 'ETPattern'
        ➜ Explicit dependency on target 'ETPatternModels' in project 'ETPattern'
        ➜ Explicit dependency on target 'ETPatternServices' in project 'ETPattern'
    Target 'ETPatternServices' in project 'ETPattern'
        ➜ Explicit dependency on target 'ETPatternServices' in project 'ETPattern'
        ➜ Explicit dependency on target 'ETPatternModels' in project 'ETPattern'
        ➜ Explicit dependency on target 'ETPatternCore' in project 'ETPattern'
    Target 'ETPatternServices' in project 'ETPattern'
        ➜ Explicit dependency on target 'ETPatternModels' in project 'ETPattern'
        ➜ Explicit dependency on target 'ETPatternCore' in project 'ETPattern'
    Target 'ETPatternModels' in project 'ETPattern'
        ➜ Explicit dependency on target 'ETPatternModels' in project 'ETPattern'
    Target 'ETPatternCore' in project 'ETPattern'
        ➜ Explicit dependency on target 'ETPatternCore' in project 'ETPattern'
        ➜ Explicit dependency on target 'ETPatternModels' in project 'ETPattern'
    Target 'ETPatternCore' in project 'ETPattern'
        ➜ Explicit dependency on target 'ETPatternModels' in project 'ETPattern'
    Target 'ETPatternModels' in project 'ETPattern' (no dependencies)

GatherProvisioningInputs

CreateBuildDescription

ExecuteExternalTool /Applications/Xcode.app/Contents/Developer/Toolchains/XcodeDefault.xctoolchain/usr/bin/clang -v -E -dM -isysroot /Applications/Xcode.app/Contents/Developer/Platforms/iPhoneOS.platform/Developer/SDKs/iPhoneOS26.2.sdk -x c -c /dev/null

ExecuteExternalTool /Applications/Xcode.app/Contents/Developer/Toolchains/XcodeDefault.xctoolchain/usr/bin/swiftc --version

ExecuteExternalTool /Applications/Xcode.app/Contents/Developer/usr/bin/actool --print-asset-tag-combinations --output-format xml1 /Users/macbook1/work/ETPattern/ETPattern/Assets.xcassets

ExecuteExternalTool /Applications/Xcode.app/Contents/Developer/usr/bin/actool --version --output-format xml1

ExecuteExternalTool /Applications/Xcode.app/Contents/Developer/Toolchains/XcodeDefault.xctoolchain/usr/bin/ld -version_details

Build description signature: 8fa254517513692f20b25fe575200383
Build description path: /Users/macbook1/Library/Developer/Xcode/DerivedData/ETPattern-ceepkkizhrfttrghnalmrcwlbsmz/Build/Intermediates.noindex/XCBuildData/8fa254517513692f20b25fe575200383.xcbuilddata
ClangStatCache /Applications/Xcode.app/Contents/Developer/Toolchains/XcodeDefault.xctoolchain/usr/bin/clang-stat-cache /Applications/Xcode.app/Contents/Developer/Platforms/iPhoneOS.platform/Developer/SDKs/iPhoneOS26.2.sdk /Users/macbook1/Library/Developer/Xcode/DerivedData/SDKStatCaches.noindex/iphoneos26.2-23C53-3885c01c3e6b6a337905948deab2002e3794476bd08197c3e2abd9bb477ef7f7.sdkstatcache
    cd /Users/macbook1/work/ETPattern/ETPattern.xcodeproj
    /Applications/Xcode.app/Contents/Developer/Toolchains/XcodeDefault.xctoolchain/usr/bin/clang-stat-cache /Applications/Xcode.app/Contents/Developer/Platforms/iPhoneOS.platform/Developer/SDKs/iPhoneOS26.2.sdk -o /Users/macbook1/Library/Developer/Xcode/DerivedData/SDKStatCaches.noindex/iphoneos26.2-23C53-3885c01c3e6b6a337905948deab2002e3794476bd08197c3e2abd9bb477ef7f7.sdkstatcache

SwiftDriver ETPatternServices normal arm64 com.apple.xcode.tools.swift.compiler (in target 'ETPatternServices' from project 'ETPattern' at path '/Users/macbook1/work/ETPattern/Package.swift')
    cd /Users/macbook1/work/ETPattern/ETPattern.xcodeproj
    builtin-SwiftDriver -- /Applications/Xcode.app/Contents/Developer/Toolchains/XcodeDefault.xctoolchain/usr/bin/swiftc -module-name ETPatternServices -Onone -enforce-exclusivity\=checked @/Users/macbook1/Library/Developer/Xcode/DerivedData/ETPattern-ceepkkizhrfttrghnalmrcwlbsmz/Build/Intermediates.noindex/ETPattern.build/Debug-iphoneos/ETPatternServices.build/Objects-normal/arm64/ETPatternServices.SwiftFileList -DSWIFT_PACKAGE -DDEBUG -DSWIFT_MODULE_RESOURCE_BUNDLE_UNAVAILABLE -DXcode -plugin-path /Applications/Xcode.app/Contents/Developer/Toolchains/XcodeDefault.xctoolchain/usr/lib/swift/host/plugins/testing -enable-experimental-feature DebugDescriptionMacro -sdk /Applications/Xcode.app/Contents/Developer/Platforms/iPhoneOS.platform/Developer/SDKs/iPhoneOS26.2.sdk -target arm64-apple-ios18.0 -g -module-cache-path /Users/macbook1/Library/Developer/Xcode/DerivedData/ModuleCache.noindex -Xfrontend -serialize-debugging-options -enable-testing -suppress-warnings -index-store-path /Users/macbook1/Library/Developer/Xcode/DerivedData/ETPattern-ceepkkizhrfttrghnalmrcwlbsmz/Index.noindex/DataStore -Xcc -D_LIBCPP_HARDENING_MODE\=_LIBCPP_HARDENING_MODE_DEBUG -swift-version 6 -I /Users/macbook1/Library/Developer/Xcode/DerivedData/ETPattern-ceepkkizhrfttrghnalmrcwlbsmz/Build/Products/Debug-iphoneos -Isystem /Applications/Xcode.app/Contents/Developer/Platforms/iPhoneOS.platform/Developer/usr/lib -F /Users/macbook1/Library/Developer/Xcode/DerivedData/ETPattern-ceepkkizhrfttrghnalmrcwlbsmz/Build/Products/Debug-iphoneos/PackageFrameworks -F /Users/macbook1/Library/Developer/Xcode/DerivedData/ETPattern-ceepkkizhrfttrghnalmrcwlbsmz/Build/Products/Debug-iphoneos/PackageFrameworks -F /Users/macbook1/Library/Developer/Xcode/DerivedData/ETPattern-ceepkkizhrfttrghnalmrcwlbsmz/Build/Products/Debug-iphoneos -F /Applications/Xcode.app/Contents/Developer/Platforms/iPhoneOS.platform/Developer/Library/Frameworks -F /Applications/Xcode.app/Contents/Developer/Platforms/iPhoneOS.platform/Developer/SDKs/iPhoneOS26.2.sdk/Developer/Library/Frameworks -c -j12 -enable-batch-mode -incremental -Xcc -ivfsstatcache -Xcc /Users/macbook1/Library/Developer/Xcode/DerivedData/SDKStatCaches.noindex/iphoneos26.2-23C53-3885c01c3e6b6a337905948deab2002e3794476bd08197c3e2abd9bb477ef7f7.sdkstatcache -output-file-map /Users/macbook1/Library/Developer/Xcode/DerivedData/ETPattern-ceepkkizhrfttrghnalmrcwlbsmz/Build/Intermediates.noindex/ETPattern.build/Debug-iphoneos/ETPatternServices.build/Objects-normal/arm64/ETPatternServices-OutputFileMap.json -use-frontend-parseable-output -save-temps -no-color-diagnostics -explicit-module-build -module-cache-path /Users/macbook1/Library/Developer/Xcode/DerivedData/ETPattern-ceepkkizhrfttrghnalmrcwlbsmz/Build/Intermediates.noindex/SwiftExplicitPrecompiledModules -clang-scanner-module-cache-path /Users/macbook1/Library/Developer/Xcode/DerivedData/ModuleCache.noindex -sdk-module-cache-path /Users/macbook1/Library/Developer/Xcode/DerivedData/ModuleCache.noindex -serialize-diagnostics -emit-dependencies -emit-module -emit-module-path /Users/macbook1/Library/Developer/Xcode/DerivedData/ETPattern-ceepkkizhrfttrghnalmrcwlbsmz/Build/Intermediates.noindex/ETPattern.build/Debug-iphoneos/ETPatternServices.build/Objects-normal/arm64/ETPatternServices.swiftmodule -validate-clang-modules-once -clang-build-session-file /Users/macbook1/Library/Developer/Xcode/DerivedData/ModuleCache.noindex/Session.modulevalidation -package-name etpattern -Xcc -I/Users/macbook1/Library/Developer/Xcode/DerivedData/ETPattern-ceepkkizhrfttrghnalmrcwlbsmz/Build/Intermediates.noindex/ETPattern.build/Debug-iphoneos/ETPatternServices.build/swift-overrides.hmap -emit-const-values -Xfrontend -const-gather-protocols-file -Xfrontend /Users/macbook1/Library/Developer/Xcode/DerivedData/ETPattern-ceepkkizhrfttrghnalmrcwlbsmz/Build/Intermediates.noindex/ETPattern.build/Debug-iphoneos/ETPatternServices.build/Objects-normal/arm64/ETPatternServices_const_extract_protocols.json -Xcc -I/Users/macbook1/Library/Developer/Xcode/DerivedData/ETPattern-ceepkkizhrfttrghnalmrcwlbsmz/Build/Products/Debug-iphoneos/include -Xcc -I/Users/macbook1/Library/Developer/Xcode/DerivedData/ETPattern-ceepkkizhrfttrghnalmrcwlbsmz/Build/Intermediates.noindex/ETPattern.build/Debug-iphoneos/ETPatternServices.build/DerivedSources-normal/arm64 -Xcc -I/Users/macbook1/Library/Developer/Xcode/DerivedData/ETPattern-ceepkkizhrfttrghnalmrcwlbsmz/Build/Intermediates.noindex/ETPattern.build/Debug-iphoneos/ETPatternServices.build/DerivedSources/arm64 -Xcc -I/Users/macbook1/Library/Developer/Xcode/DerivedData/ETPattern-ceepkkizhrfttrghnalmrcwlbsmz/Build/Intermediates.noindex/ETPattern.build/Debug-iphoneos/ETPatternServices.build/DerivedSources -Xcc -DSWIFT_PACKAGE -Xcc -DDEBUG\=1 -emit-objc-header -emit-objc-header-path /Users/macbook1/Library/Developer/Xcode/DerivedData/ETPattern-ceepkkizhrfttrghnalmrcwlbsmz/Build/Intermediates.noindex/ETPattern.build/Debug-iphoneos/ETPatternServices.build/Objects-normal/arm64/ETPatternServices-Swift.h -working-directory /Users/macbook1/work/ETPattern/ETPattern.xcodeproj -experimental-emit-module-separately -disable-cmo

SwiftEmitModule normal arm64 Emitting\ module\ for\ ETPatternServices (in target 'ETPatternServices' from project 'ETPattern' at path '/Users/macbook1/work/ETPattern/Package.swift')

EmitSwiftModule normal arm64 (in target 'ETPatternServices' from project 'ETPattern' at path '/Users/macbook1/work/ETPattern/Package.swift')
    cd /Users/macbook1/work/ETPattern/ETPattern.xcodeproj
    
/Users/macbook1/work/ETPattern/Sources/ETPatternServices/SpacedRepetitionService.swift:16:74: error: no type named 'DifficultyRating' in module 'ETPatternCore'
    public func updateCardDifficulty(_ card: Card, rating: ETPatternCore.DifficultyRating, in session: StudySession? = nil) {
                                                                         ^

Failed frontend command:
/Applications/Xcode.app/Contents/Developer/Toolchains/XcodeDefault.xctoolchain/usr/bin/swift-frontend -frontend -emit-module -experimental-skip-non-inlinable-function-bodies-without-types /Users/macbook1/work/ETPattern/Sources/ETPatternServices/CSVImporter.swift /Users/macbook1/work/ETPattern/Sources/ETPatternServices/CSVService.swift /Users/macbook1/work/ETPattern/Sources/ETPatternServices/CardSetRepository.swift /Users/macbook1/work/ETPattern/Sources/ETPatternServices/FileManagerService.swift /Users/macbook1/work/ETPattern/Sources/ETPatternServices/PaginatedCardSetDataSource.swift /Users/macbook1/work/ETPattern/Sources/ETPatternServices/SessionManager.swift /Users/macbook1/work/ETPattern/Sources/ETPatternServices/ShareService.swift /Users/macbook1/work/ETPattern/Sources/ETPatternServices/SpacedRepetitionService.swift /Users/macbook1/work/ETPattern/Sources/ETPatternServices/TTSService.swift -target arm64-apple-ios18.0 -load-resolved-plugin /Applications/Xcode.app/Contents/Developer/Platforms/iPhoneOS.platform/Developer/usr/lib/swift/host/plugins/libFoundationMacros.dylib\#/Applications/Xcode.app/Contents/Developer/Platforms/iPhoneOS.platform/Developer/usr/bin/swift-plugin-server\#FoundationMacros -load-resolved-plugin /Applications/Xcode.app/Contents/Developer/Platforms/iPhoneOS.platform/Developer/usr/lib/swift/host/plugins/libObservationMacros.dylib\#/Applications/Xcode.app/Contents/Developer/Platforms/iPhoneOS.platform/Developer/usr/bin/swift-plugin-server\#ObservationMacros -load-resolved-plugin /Applications/Xcode.app/Contents/Developer/Platforms/iPhoneOS.platform/Developer/usr/lib/swift/host/plugins/libPreviewsMacros.dylib\#/Applications/Xcode.app/Contents/Developer/Platforms/iPhoneOS.platform/Developer/usr/bin/swift-plugin-server\#PreviewsMacros -load-resolved-plugin /Applications/Xcode.app/Contents/Developer/Platforms/iPhoneOS.platform/Developer/usr/lib/swift/host/plugins/libSwiftDataMacros.dylib\#/Applications/Xcode.app/Contents/Developer/Platforms/iPhoneOS.platform/Developer/usr/bin/swift-plugin-server\#SwiftDataMacros -load-resolved-plugin /Applications/Xcode.app/Contents/Developer/Platforms/iPhoneOS.platform/Developer/usr/lib/swift/host/plugins/libSwiftMacros.dylib\#/Applications/Xcode.app/Contents/Developer/Platforms/iPhoneOS.platform/Developer/usr/bin/swift-plugin-server\#SwiftMacros -load-resolved-plugin /Applications/Xcode.app/Contents/Developer/Platforms/iPhoneOS.platform/Developer/usr/lib/swift/host/plugins/libSwiftUIMacros.dylib\#/Applications/Xcode.app/Contents/Developer/Platforms/iPhoneOS.platform/Developer/usr/bin/swift-plugin-server\#SwiftUIMacros -disable-implicit-swift-modules -Xcc -fno-implicit-modules -Xcc -fno-implicit-module-maps -explicit-swift-module-map-file /Users/macbook1/Library/Developer/Xcode/DerivedData/ETPattern-ceepkkizhrfttrghnalmrcwlbsmz/Build/Intermediates.noindex/ETPattern.build/Debug-iphoneos/ETPatternServices.build/Objects-normal/arm64/ETPatternServices-dependencies-1.json -Xllvm -aarch64-use-tbi -enable-objc-interop -stack-check -sdk /Applications/Xcode.app/Contents/Developer/Platforms/iPhoneOS.platform/Developer/SDKs/iPhoneOS26.2.sdk -I /Users/macbook1/Library/Developer/Xcode/DerivedData/ETPattern-ceepkkizhrfttrghnalmrcwlbsmz/Build/Products/Debug-iphoneos -Isystem /Applications/Xcode.app/Contents/Developer/Platforms/iPhoneOS.platform/Developer/usr/lib -F /Users/macbook1/Library/Developer/Xcode/DerivedData/ETPattern-ceepkkizhrfttrghnalmrcwlbsmz/Build/Products/Debug-iphoneos/PackageFrameworks -F /Users/macbook1/Library/Developer/Xcode/DerivedData/ETPattern-ceepkkizhrfttrghnalmrcwlbsmz/Build/Products/Debug-iphoneos/PackageFrameworks -F /Users/macbook1/Library/Developer/Xcode/DerivedData/ETPattern-ceepkkizhrfttrghnalmrcwlbsmz/Build/Products/Debug-iphoneos -F /Applications/Xcode.app/Contents/Developer/Platforms/iPhoneOS.platform/Developer/Library/Frameworks -F /Applications/Xcode.app/Contents/Developer/Platforms/iPhoneOS.platform/Developer/SDKs/iPhoneOS26.2.sdk/Developer/Library/Frameworks -no-color-diagnostics -Xcc -fno-color-diagnostics -enable-testing -g -debug-info-format\=dwarf -dwarf-version\=5 -module-cache-path /Users/macbook1/Library/Developer/Xcode/DerivedData/ETPattern-ceepkkizhrfttrghnalmrcwlbsmz/Build/Intermediates.noindex/SwiftExplicitPrecompiledModules -suppress-warnings -swift-version 6 -enforce-exclusivity\=checked -Onone -D SWIFT_PACKAGE -D DEBUG -D SWIFT_MODULE_RESOURCE_BUNDLE_UNAVAILABLE -D Xcode -serialize-debugging-options -const-gather-protocols-file /Users/macbook1/Library/Developer/Xcode/DerivedData/ETPattern-ceepkkizhrfttrghnalmrcwlbsmz/Build/Intermediates.noindex/ETPattern.build/Debug-iphoneos/ETPatternServices.build/Objects-normal/arm64/ETPatternServices_const_extract_protocols.json -enable-experimental-feature DebugDescriptionMacro -empty-abi-descriptor -validate-clang-modules-once -clang-build-session-file /Users/macbook1/Library/Developer/Xcode/DerivedData/ModuleCache.noindex/Session.modulevalidation -Xcc -working-directory -Xcc /Users/macbook1/work/ETPattern/ETPattern.xcodeproj -enable-anonymous-context-mangled-names -file-compilation-dir /Users/macbook1/work/ETPattern/ETPattern.xcodeproj -Xcc -D_LIBCPP_HARDENING_MODE\=_LIBCPP_HARDENING_MODE_DEBUG -Xcc -ivfsstatcache -Xcc /Users/macbook1/Library/Developer/Xcode/DerivedData/SDKStatCaches.noindex/iphoneos26.2-23C53-3885c01c3e6b6a337905948deab2002e3794476bd08197c3e2abd9bb477ef7f7.sdkstatcache -Xcc -I/Users/macbook1/Library/Developer/Xcode/DerivedData/ETPattern-ceepkkizhrfttrghnalmrcwlbsmz/Build/Intermediates.noindex/ETPattern.build/Debug-iphoneos/ETPatternServices.build/swift-overrides.hmap -Xcc -I/Users/macbook1/Library/Developer/Xcode/DerivedData/ETPattern-ceepkkizhrfttrghnalmrcwlbsmz/Build/Products/Debug-iphoneos/include -Xcc -I/Users/macbook1/Library/Developer/Xcode/DerivedData/ETPattern-ceepkkizhrfttrghnalmrcwlbsmz/Build/Intermediates.noindex/ETPattern.build/Debug-iphoneos/ETPatternServices.build/DerivedSources-normal/arm64 -Xcc -I/Users/macbook1/Library/Developer/Xcode/DerivedData/ETPattern-ceepkkizhrfttrghnalmrcwlbsmz/Build/Intermediates.noindex/ETPattern.build/Debug-iphoneos/ETPatternServices.build/DerivedSources/arm64 -Xcc -I/Users/macbook1/Library/Developer/Xcode/DerivedData/ETPattern-ceepkkizhrfttrghnalmrcwlbsmz/Build/Intermediates.noindex/ETPattern.build/Debug-iphoneos/ETPatternServices.build/DerivedSources -Xcc -DSWIFT_PACKAGE -Xcc -DDEBUG\=1 -no-auto-bridging-header-chaining -module-name ETPatternServices -package-name etpattern -frontend-parseable-output -disable-clang-spi -target-sdk-version 26.2 -target-sdk-name iphoneos26.2 -clang-target arm64-apple-ios26.2 -in-process-plugin-server-path /Applications/Xcode.app/Contents/Developer/Toolchains/XcodeDefault.xctoolchain/usr/lib/swift/host/libSwiftInProcPluginServer.dylib -emit-module-doc-path /Users/macbook1/Library/Developer/Xcode/DerivedData/ETPattern-ceepkkizhrfttrghnalmrcwlbsmz/Build/Intermediates.noindex/ETPattern.build/Debug-iphoneos/ETPatternServices.build/Objects-normal/arm64/ETPatternServices.swiftdoc -emit-module-source-info-path /Users/macbook1/Library/Developer/Xcode/DerivedData/ETPattern-ceepkkizhrfttrghnalmrcwlbsmz/Build/Intermediates.noindex/ETPattern.build/Debug-iphoneos/ETPatternServices.build/Objects-normal/arm64/ETPatternServices.swiftsourceinfo -emit-objc-header-path /Users/macbook1/Library/Developer/Xcode/DerivedData/ETPattern-ceepkkizhrfttrghnalmrcwlbsmz/Build/Intermediates.noindex/ETPattern.build/Debug-iphoneos/ETPatternServices.build/Objects-normal/arm64/ETPatternServices-Swift.h -serialize-diagnostics-path /Users/macbook1/Library/Developer/Xcode/DerivedData/ETPattern-ceepkkizhrfttrghnalmrcwlbsmz/Build/Intermediates.noindex/ETPattern.build/Debug-iphoneos/ETPatternServices.build/Objects-normal/arm64/ETPatternServices-primary-emit-module.dia -emit-dependencies-path /Users/macbook1/Library/Developer/Xcode/DerivedData/ETPattern-ceepkkizhrfttrghnalmrcwlbsmz/Build/Intermediates.noindex/ETPattern.build/Debug-iphoneos/ETPatternServices.build/Objects-normal/arm64/ETPatternServices-primary-emit-module.d -o /Users/macbook1/Library/Developer/Xcode/DerivedData/ETPattern-ceepkkizhrfttrghnalmrcwlbsmz/Build/Intermediates.noindex/ETPattern.build/Debug-iphoneos/ETPatternServices.build/Objects-normal/arm64/ETPatternServices.swiftmodule -emit-abi-descriptor-path /Users/macbook1/Library/Developer/Xcode/DerivedData/ETPattern-ceepkkizhrfttrghnalmrcwlbsmz/Build/Intermediates.noindex/ETPattern.build/Debug-iphoneos/ETPatternServices.build/Objects-normal/arm64/ETPatternServices.abi.json
SwiftCompile normal arm64 Compiling\ CardSetRepository.swift /Users/macbook1/work/ETPattern/Sources/ETPatternServices/CardSetRepository.swift (in target 'ETPatternServices' from project 'ETPattern' at path '/Users/macbook1/work/ETPattern/Package.swift')
SwiftCompile normal arm64 /Users/macbook1/work/ETPattern/Sources/ETPatternServices/CardSetRepository.swift (in target 'ETPatternServices' from project 'ETPattern' at path '/Users/macbook1/work/ETPattern/Package.swift')
    cd /Users/macbook1/work/ETPattern/ETPattern.xcodeproj
    

SwiftCompile normal arm64 Compiling\ TTSService.swift /Users/macbook1/work/ETPattern/Sources/ETPatternServices/TTSService.swift (in target 'ETPatternServices' from project 'ETPattern' at path '/Users/macbook1/work/ETPattern/Package.swift')
SwiftCompile normal arm64 /Users/macbook1/work/ETPattern/Sources/ETPatternServices/TTSService.swift (in target 'ETPatternServices' from project 'ETPattern' at path '/Users/macbook1/work/ETPattern/Package.swift')
    cd /Users/macbook1/work/ETPattern/ETPattern.xcodeproj
    

SwiftCompile normal arm64 Compiling\ PaginatedCardSetDataSource.swift /Users/macbook1/work/ETPattern/Sources/ETPatternServices/PaginatedCardSetDataSource.swift (in target 'ETPatternServices' from project 'ETPattern' at path '/Users/macbook1/work/ETPattern/Package.swift')

SwiftCompile normal arm64 /Users/macbook1/work/ETPattern/Sources/ETPatternServices/PaginatedCardSetDataSource.swift (in target 'ETPatternServices' from project 'ETPattern' at path '/Users/macbook1/work/ETPattern/Package.swift')
    cd /Users/macbook1/work/ETPattern/ETPattern.xcodeproj
    

SwiftCompile normal arm64 Compiling\ CSVService.swift /Users/macbook1/work/ETPattern/Sources/ETPatternServices/CSVService.swift (in target 'ETPatternServices' from project 'ETPattern' at path '/Users/macbook1/work/ETPattern/Package.swift')
SwiftCompile normal arm64 /Users/macbook1/work/ETPattern/Sources/ETPatternServices/CSVService.swift (in target 'ETPatternServices' from project 'ETPattern' at path '/Users/macbook1/work/ETPattern/Package.swift')
    cd /Users/macbook1/work/ETPattern/ETPattern.xcodeproj
    

SwiftCompile normal arm64 Compiling\ FileManagerService.swift /Users/macbook1/work/ETPattern/Sources/ETPatternServices/FileManagerService.swift (in target 'ETPatternServices' from project 'ETPattern' at path '/Users/macbook1/work/ETPattern/Package.swift')

SwiftCompile normal arm64 /Users/macbook1/work/ETPattern/Sources/ETPatternServices/FileManagerService.swift (in target 'ETPatternServices' from project 'ETPattern' at path '/Users/macbook1/work/ETPattern/Package.swift')
    cd /Users/macbook1/work/ETPattern/ETPattern.xcodeproj
    

SwiftCompile normal arm64 Compiling\ ShareService.swift /Users/macbook1/work/ETPattern/Sources/ETPatternServices/ShareService.swift (in target 'ETPatternServices' from project 'ETPattern' at path '/Users/macbook1/work/ETPattern/Package.swift')

SwiftCompile normal arm64 /Users/macbook1/work/ETPattern/Sources/ETPatternServices/ShareService.swift (in target 'ETPatternServices' from project 'ETPattern' at path '/Users/macbook1/work/ETPattern/Package.swift')
    cd /Users/macbook1/work/ETPattern/ETPattern.xcodeproj
    

SwiftCompile normal arm64 Compiling\ SessionManager.swift /Users/macbook1/work/ETPattern/Sources/ETPatternServices/SessionManager.swift (in target 'ETPatternServices' from project 'ETPattern' at path '/Users/macbook1/work/ETPattern/Package.swift')

SwiftCompile normal arm64 /Users/macbook1/work/ETPattern/Sources/ETPatternServices/SessionManager.swift (in target 'ETPatternServices' from project 'ETPattern' at path '/Users/macbook1/work/ETPattern/Package.swift')
    cd /Users/macbook1/work/ETPattern/ETPattern.xcodeproj
    

SwiftCompile normal arm64 Compiling\ SpacedRepetitionService.swift /Users/macbook1/work/ETPattern/Sources/ETPatternServices/SpacedRepetitionService.swift (in target 'ETPatternServices' from project 'ETPattern' at path '/Users/macbook1/work/ETPattern/Package.swift')

SwiftCompile normal arm64 /Users/macbook1/work/ETPattern/Sources/ETPatternServices/SpacedRepetitionService.swift (in target 'ETPatternServices' from project 'ETPattern' at path '/Users/macbook1/work/ETPattern/Package.swift')
    cd /Users/macbook1/work/ETPattern/ETPattern.xcodeproj
    
/Users/macbook1/work/ETPattern/Sources/ETPatternServices/SpacedRepetitionService.swift:16:74: error: no type named 'DifficultyRating' in module 'ETPatternCore'
    public func updateCardDifficulty(_ card: Card, rating: ETPatternCore.DifficultyRating, in session: StudySession? = nil) {
                                                                         ^
/Users/macbook1/work/ETPattern/Sources/ETPatternServices/SpacedRepetitionService.swift:31:23: error: cannot infer contextual base in reference to member 'again'
        if rating != .again {
                     ~^~~~~

SwiftCompile normal arm64 Compiling\ CSVImporter.swift /Users/macbook1/work/ETPattern/Sources/ETPatternServices/CSVImporter.swift (in target 'ETPatternServices' from project 'ETPattern' at path '/Users/macbook1/work/ETPattern/Package.swift')

SwiftCompile normal arm64 /Users/macbook1/work/ETPattern/Sources/ETPatternServices/CSVImporter.swift (in target 'ETPatternServices' from project 'ETPattern' at path '/Users/macbook1/work/ETPattern/Package.swift')
    cd /Users/macbook1/work/ETPattern/ETPattern.xcodeproj
    

** BUILD FAILED **


The following build commands failed:
	EmitSwiftModule normal arm64 (in target 'ETPatternServices' from project 'ETPattern' at path '/Users/macbook1/work/ETPattern/Package.swift')
	SwiftEmitModule normal arm64 Emitting\ module\ for\ ETPatternServices (in target 'ETPatternServices' from project 'ETPattern' at path '/Users/macbook1/work/ETPattern/Package.swift')
	SwiftCompile normal arm64 /Users/macbook1/work/ETPattern/Sources/ETPatternServices/SpacedRepetitionService.swift (in target 'ETPatternServices' from project 'ETPattern' at path '/Users/macbook1/work/ETPattern/Package.swift')
	Building project ETPattern with scheme ETPattern
(4 failures)
